2026-08-08 21:44:30,243 - src.core.orchestrator - INFO - Orchestrator initialized with session management
2026-08-08 21:44:30,244 - __main__ - ERROR - TELEGRAM_BOT_TOKEN not found!
2026-08-08 21:44:40,254 - __main__ - INFO - Начинаю поиск рабочего пути к Telegram (всего вариантов: 28)...
2026-08-08 21:44:40,255 - __main__ - WARNING - НЕ УДАЛОСЬ найти путь к Telegram. Бот будет пробовать снова через 10 сек...
2026-08-08 21:44:45,500 - src.core.orchestrator - INFO - Orchestrator initialized with session management
2026-08-08 21:44:45,501 - __main__ - INFO - Начинаю поиск рабочего пути к Telegram (всего вариантов: 28)...
2026-08-08 21:44:45,501 - __main__ - WARNING - НЕ УДАЛОСЬ найти путь к Telegram. Бот будет пробовать снова через 10 сек...
2026-08-08 21:44:55,512 - __main__ - INFO - Начинаю поиск рабочего пути к Telegram (всего вариантов: 28)...
2026-08-08 21:44:55,512 - __main__ - WARNING - НЕ УДАЛОСЬ найти путь к Telegram. Бот будет пробовать снова через 10 сек...
2026-08-08 21:45:05,523 - __main__ - INFO - Начинаю поиск рабочего пути к Telegram (всего вариантов: 28)...
2026-08-08 21:45:05,523 - __main__ - WARNING - НЕ УДАЛОСЬ найти путь к Telegram. Бот будет пробовать снова через 10 сек...
2026-08-08 21:45:15,524 - __main__ - INFO - Начинаю поиск рабочего пути к Telegram (всего вариантов: 28)...
2026-08-08 21:45:15,524 - __main__ - WARNING - НЕ УДАЛОСЬ найти путь к Telegram. Бот будет пробовать снова через 10 сек...
2026-08-08 21:45:25,536 - __main__ - INFO - Начинаю поиск рабочего пути к Telegram (всего вариантов: 28)...
2026-08-08 21:45:25,536 - __main__ - WARNING - НЕ УДАЛОСЬ найти путь к Telegram. Бот будет пробовать снова через 10 сек...
2026-08-08 21:45:35,547 - __main__ - INFO - Начинаю поиск рабочего пути к Telegram (всего вариантов: 28)...
2026-08-08 21:45:35,547 - __main__ - WARNING - НЕ УДАЛОСЬ найти путь к Telegram. Бот будет пробовать снова через 10 сек...
2026-08-08 21:45:45,556 - __main__ - INFO - Начинаю поиск рабочего пути к Telegram (всего вариантов: 28)...
2026-08-08 21:45:45,556 - __main__ - WARNING - НЕ УДАЛОСЬ найти путь к Telegram. Бот будет пробовать снова через 10 сек...
2026-08-08 21:45:55,567 - __main__ - INFO - Начинаю поиск рабочего пути к Telegram (всего вариантов: 28)...
2026-08-08 21:45:55,567 - __main__ - WARNING - НЕ УДАЛОСЬ найти путь к Telegram. Бот будет пробовать снова через 10 сек...
2026-08-08 21:46:05,570 - __main__ - INFO - Начинаю поиск рабочего пути к Telegram (всего вариантов: 28)...
2026-08-08 21:46:05,570 - __main__ - WARNING - НЕ УДАЛОСЬ найти путь к Telegram. Бот будет пробовать снова через 10 сек...
2026-08-08 21:46:15,581 - __main__ - INFO - Начинаю поиск рабочего пути к Telegram (всего вариантов: 28)...
2026-08-08 21:46:15,581 - __main__ - WARNING - НЕ УДАЛОСЬ найти путь к Telegram. Бот будет пробовать снова через 10 сек...
2026-08-08 21:46:25,587 - __main__ - INFO - Начинаю поиск рабочего пути к Telegram (всего вариантов: 28)...
2026-08-08 21:46:25,587 - __main__ - WARNING - НЕ УДАЛОСЬ найти путь к Telegram. Бот будет пробовать снова через 10 сек...
2026-08-08 21:46:35,598 - __main__ - INFO - Начинаю поиск рабочего пути к Telegram (всего вариантов: 28)...
2026-08-08 21:46:35,598 - __main__ - WARNING - НЕ УДАЛОСЬ найти путь к Telegram. Бот будет пробовать снова через 10 сек...
2026-08-08 21:46:45,609 - __main__ - INFO - Начинаю поиск рабочего пути к Telegram (всего вариантов: 28)...
2026-08-08 21:46:45,609 - __main__ - WARNING - НЕ УДАЛОСЬ найти путь к Telegram. Бот будет пробовать снова через 10 сек...
2026-08-08 21:46:55,620 - __main__ - INFO - Начинаю поиск рабочего пути к Telegram (всего вариантов: 28)...
2026-08-08 21:46:55,620 - __main__ - WARNING - НЕ УДАЛОСЬ найти путь к Telegram. Бот будет пробовать снова через 10 сек...
2026-08-08 21:47:05,631 - __main__ - INFO - Начинаю поиск рабочего пути к Telegram (всего вариантов: 28)...
2026-08-08 21:47:05,631 - __main__ - WARNING - НЕ УДАЛОСЬ найти путь к Telegram. Бот будет пробовать снова через 10 сек...
2026-08-08 21:47:15,642 - __main__ - INFO - Начинаю поиск рабочего пути к Telegram (всего вариантов: 28)...
2026-08-08 21:47:15,642 - __main__ - WARNING - НЕ УДАЛОСЬ найти путь к Telegram. Бот будет пробовать снова через 10 сек...
2026-08-08 21:47:25,645 - __main__ - INFO - Начинаю поиск рабочего пути к Telegram (всего вариантов: 28)...
2026-08-08 21:47:25,646 - __main__ - WARNING - НЕ УДАЛОСЬ найти путь к Telegram. Бот будет пробовать снова через 10 сек...
2026-08-08 21:47:35,656 - __main__ - INFO - Начинаю поиск рабочего пути к Telegram (всего вариантов: 28)...
2026-08-08 21:47:35,657 - __main__ - WARNING - НЕ УДАЛОСЬ найти путь к Telegram. Бот будет пробовать снова через 10 сек...
2026-08-08 21:47:45,668 - __main__ - INFO - Начинаю поиск рабочего пути к Telegram (всего вариантов: 28)...
2026-08-08 21:47:45,668 - __main__ - WARNING - НЕ УДАЛОСЬ найти путь к Telegram. Бот будет пробовать снова через 10 сек...
2026-08-08 21:47:55,679 - __main__ - INFO - Начинаю поиск рабочего пути к Telegram (всего вариантов: 28)...
2026-08-08 21:47:55,679 - __main__ - WARNING - НЕ УДАЛОСЬ найти путь к Telegram. Бот будет пробовать снова через 10 сек...
2026-08-08 21:48:05,690 - __main__ - INFO - Начинаю поиск рабочего пути к Telegram (всего вариантов: 28)...
2026-08-08 21:48:05,690 - __main__ - WARNING - НЕ УДАЛОСЬ найти путь к Telegram. Бот будет пробовать снова через 10 сек...
2026-08-08 21:48:15,691 - __main__ - INFO - Начинаю поиск рабочего пути к Telegram (всего вариантов: 28)...
2026-08-08 21:48:15,691 - __main__ - WARNING - НЕ УДАЛОСЬ найти путь к Telegram. Бот будет пробовать снова через 10 сек...
2026-08-08 21:48:25,701 - __main__ - INFO - Начинаю поиск рабочего пути к Telegram (всего вариантов: 28)...
2026-08-08 21:48:25,701 - __main__ - WARNING - НЕ УДАЛОСЬ найти путь к Telegram. Бот будет пробовать снова через 10 сек...
2026-08-08 21:48:35,712 - __main__ - INFO - Начинаю поиск рабочего пути к Telegram (всего вариантов: 28)...
2026-08-08 21:48:35,712 - __main__ - WARNING - НЕ УДАЛОСЬ найти путь к Telegram. Бот будет пробовать снова через 10 сек...
2026-08-08 21:48:45,723 - __main__ - INFO - Начинаю поиск рабочего пути к Telegram (всего вариантов: 28)...
2026-08-08 21:48:45,724 - __main__ - WARNING - НЕ УДАЛОСЬ найти путь к Telegram. Бот будет пробовать снова через 10 сек...
2026-08-08 21:48:55,735 - __main__ - INFO - Начинаю поиск рабочего пути к Telegram (всего вариантов: 28)...
2026-08-08 21:48:55,736 - __main__ - WARNING - НЕ УДАЛОСЬ найти путь к Telegram. Бот будет пробовать снова через 10 сек...
2026-08-08 21:49:05,742 - __main__ - INFO - Начинаю поиск рабочего пути к Telegram (всего вариантов: 28)...
2026-08-08 21:49:05,742 - __main__ - WARNING - НЕ УДАЛОСЬ найти путь к Telegram. Бот будет пробовать снова через 10 сек...
2026-08-08 21:49:15,753 - __main__ - INFO - Начинаю поиск рабочего пути к Telegram (всего вариантов: 28)...
2026-08-08 21:49:15,753 - __main__ - WARNING - НЕ УДАЛОСЬ найти путь к Telegram. Бот будет пробовать снова через 10 сек...
2026-08-08 21:49:25,764 - __main__ - INFO - Начинаю поиск рабочего пути к Telegram (всего вариантов: 28)...
2026-08-08 21:49:25,764 - __main__ - WARNING - НЕ УДАЛОСЬ найти путь к Telegram. Бот будет пробовать снова через 10 сек...
2026-08-08 21:49:35,775 - __main__ - INFO - Начинаю поиск рабочего пути к Telegram (всего вариантов: 28)...
2026-08-08 21:49:35,775 - __main__ - WARNING - НЕ УДАЛОСЬ найти путь к Telegram. Бот будет пробовать снова через 10 сек...
2026-08-08 21:49:45,786 - __main__ - INFO - Начинаю поиск рабочего пути к Telegram (всего вариантов: 28)...
2026-08-08 21:49:45,786 - __main__ - WARNING - НЕ УДАЛОСЬ найти путь к Telegram. Бот будет пробовать снова через 10 сек...
2026-08-08 21:49:55,797 - __main__ - INFO - Начинаю поиск рабочего пути к Telegram (всего вариантов: 28)...
2026-08-08 21:49:55,797 - __main__ - WARNING - НЕ УДАЛОСЬ найти путь к Telegram. Бот будет пробовать снова через 10 сек...
2026-08-08 21:50:05,808 - __main__ - INFO - Начинаю поиск рабочего пути к Telegram (всего вариантов: 28)...
2026-08-08 21:50:05,808 - __main__ - WARNING - НЕ УДАЛОСЬ найти путь к Telegram. Бот будет пробовать снова через 10 сек...
2026-08-08 21:50:15,819 - __main__ - INFO - Начинаю поиск рабочего пути к Telegram (всего вариантов: 28)...
2026-08-08 21:50:15,819 - __main__ - WARNING - НЕ УДАЛОСЬ найти путь к Telegram. Бот будет пробовать снова через 10 сек...
2026-08-08 21:50:25,831 - __main__ - INFO - Начинаю поиск рабочего пути к Telegram (всего вариантов: 28)...
2026-08-08 21:50:25,831 - __main__ - WARNING - НЕ УДАЛОСЬ найти путь к Telegram. Бот будет пробовать снова через 10 сек...
2026-08-08 21:50:35,842 - __main__ - INFO - Начинаю поиск рабочего пути к Telegram (всего вариантов: 28)...
2026-08-08 21:50:35,842 - __main__ - WARNING - НЕ УДАЛОСЬ найти путь к Telegram. Бот будет пробовать снова через 10 сек...
2026-08-08 21:50:45,853 - __main__ - INFO - Начинаю поиск рабочего пути к Telegram (всего вариантов: 28)...
2026-08-08 21:50:45,853 - __main__ - WARNING - НЕ УДАЛОСЬ найти путь к Telegram. Бот будет пробовать снова через 10 сек...
2026-08-08 21:50:55,863 - __main__ - INFO - Начинаю поиск рабочего пути к Telegram (всего вариантов: 28)...
2026-08-08 21:50:55,864 - __main__ - WARNING - НЕ УДАЛОСЬ найти путь к Telegram. Бот будет пробовать снова через 10 сек...
2026-08-08 21:51:05,875 - __main__ - INFO - Начинаю поиск рабочего пути к Telegram (всего вариантов: 28)...
2026-08-08 21:51:05,875 - __main__ - WARNING - НЕ УДАЛОСЬ найти путь к Telegram. Бот будет пробовать снова через 10 сек...
2026-08-08 21:51:15,886 - __main__ - INFO - Начинаю поиск рабочего пути к Telegram (всего вариантов: 28)...
2026-08-08 21:51:15,886 - __main__ - WARNING - НЕ УДАЛОСЬ найти путь к Telegram. Бот будет пробовать снова через 10 сек...
2026-08-08 21:51:25,897 - __main__ - INFO - Начинаю поиск рабочего пути к Telegram (всего вариантов: 28)...
2026-08-08 21:51:25,897 - __main__ - WARNING - НЕ УДАЛОСЬ найти путь к Telegram. Бот будет пробовать снова через 10 сек...
2026-08-08 21:51:35,908 - __main__ - INFO - Начинаю поиск рабочего пути к Telegram (всего вариантов: 28)...
2026-08-08 21:51:35,908 - __main__ - WARNING - НЕ УДАЛОСЬ найти путь к Telegram. Бот будет пробовать снова через 10 сек...
2026-08-08 21:51:45,919 - __main__ - INFO - Начинаю поиск рабочего пути к Telegram (всего вариантов: 28)...
2026-08-08 21:51:45,919 - __main__ - WARNING - НЕ УДАЛОСЬ найти путь к Telegram. Бот будет пробовать снова через 10 сек...
2026-08-09 09:49:38,610 - src.bot.telegram_app - ERROR - TELEGRAM_BOT_TOKEN не найден в переменных окружения!
2026-08-09 09:49:41,495 - src.bot.telegram_app - WARNING - DEEPSEEK_API_KEY не найден, бот будет работать без AI
2026-08-09 09:50:00,148 - src.bot.telegram_app - WARNING - DEEPSEEK_API_KEY не найден, бот будет работать без AI
2026-08-09 09:50:00,148 - src.bot.telegram_app - INFO - Starting Telegram Bot (CEO Assistant Mode)...
2026-08-09 09:50:00,968 - httpx - INFO - HTTP Request: POST https://api.telegram.org/bottest_token/getMe "HTTP/1.1 404 Not Found"
2026-08-09 09:50:00,969 - telegram.ext - ERROR - Network Retry Loop (Bootstrap Initialize Application): Invalid token. Aborting retry loop.
Traceback (most recent call last):
  File "/usr/local/lib/python3.12/site-packages/telegram/_bot.py", line 865, in initialize
    await self.get_me()
  File "/usr/local/lib/python3.12/site-packages/telegram/ext/_extbot.py", line 2040, in get_me
    return await super().get_me(
           ^^^^^^^^^^^^^^^^^^^^^
  File "/usr/local/lib/python3.12/site-packages/telegram/_bot.py", line 1005, in get_me
    result = await self._post(
             ^^^^^^^^^^^^^^^^^
  File "/usr/local/lib/python3.12/site-packages/telegram/_bot.py", line 712, in _post
    return await self._do_post(
           ^^^^^^^^^^^^^^^^^^^^
  File "/usr/local/lib/python3.12/site-packages/telegram/ext/_extbot.py", line 378, in _do_post
    return await super()._do_post(
           ^^^^^^^^^^^^^^^^^^^^^^^
  File "/usr/local/lib/python3.12/site-packages/telegram/_bot.py", line 741, in _do_post
    result = await request.post(
             ^^^^^^^^^^^^^^^^^^^
  File "/usr/local/lib/python3.12/site-packages/telegram/request/_baserequest.py", line 198, in post
    result = await self._request_wrapper(
             ^^^^^^^^^^^^^^^^^^^^^^^^^^^^
  File "/usr/local/lib/python3.12/site-packages/telegram/request/_baserequest.py", line 375, in _request_wrapper
    raise exception
telegram.error.InvalidToken: Not Found

The above exception was the direct cause of the following exception:

Traceback (most recent call last):
  File "/usr/local/lib/python3.12/site-packages/telegram/ext/_utils/networkloop.py", line 161, in network_retry_loop
    await do_action()
  File "/usr/local/lib/python3.12/site-packages/telegram/ext/_utils/networkloop.py", line 136, in do_action
    await action_cb()
  File "/usr/local/lib/python3.12/site-packages/telegram/ext/_application.py", line 489, in initialize
    await self.bot.initialize()
  File "/usr/local/lib/python3.12/site-packages/telegram/ext/_extbot.py", line 324, in initialize
    await super().initialize()
  File "/usr/local/lib/python3.12/site-packages/telegram/_bot.py", line 868, in initialize
    raise InvalidToken(f"The token `{self._token}` was rejected by the server.") from exc
telegram.error.InvalidToken: The token `test_token` was rejected by the server.
2026-08-09 09:51:06,072 - src.bot.telegram_app - ERROR - TELEGRAM_BOT_TOKEN не найден в переменных окружения!
2026-08-09 09:51:09,595 - src.bot.telegram_app - WARNING - DEEPSEEK_API_KEY не найден, бот будет работать без AI
2026-08-09 09:51:27,196 - src.bot.telegram_app - WARNING - DEEPSEEK_API_KEY не найден, бот будет работать без AI
2026-08-09 09:51:27,207 - src.bot.telegram_app - INFO - Starting Telegram Bot (CEO Assistant Mode)...
2026-08-09 09:51:27,954 - httpx - INFO - HTTP Request: POST https://api.telegram.org/bottest_token/getMe "HTTP/1.1 404 Not Found"
2026-08-09 09:51:27,954 - telegram.ext - ERROR - Network Retry Loop (Bootstrap Initialize Application): Invalid token. Aborting retry loop.
Traceback (most recent call last):
  File "/usr/local/lib/python3.12/site-packages/telegram/_bot.py", line 865, in initialize
    await self.get_me()
  File "/usr/local/lib/python3.12/site-packages/telegram/ext/_extbot.py", line 2040, in get_me
    return await super().get_me(
           ^^^^^^^^^^^^^^^^^^^^^
  File "/usr/local/lib/python3.12/site-packages/telegram/_bot.py", line 1005, in get_me
    result = await self._post(
             ^^^^^^^^^^^^^^^^^
  File "/usr/local/lib/python3.12/site-packages/telegram/_bot.py", line 712, in _post
    return await self._do_post(
           ^^^^^^^^^^^^^^^^^^^^
  File "/usr/local/lib/python3.12/site-packages/telegram/ext/_extbot.py", line 378, in _do_post
    return await super()._do_post(
           ^^^^^^^^^^^^^^^^^^^^^^^
  File "/usr/local/lib/python3.12/site-packages/telegram/_bot.py", line 741, in _do_post
    result = await request.post(
             ^^^^^^^^^^^^^^^^^^^
  File "/usr/local/lib/python3.12/site-packages/telegram/request/_baserequest.py", line 198, in post
    result = await self._request_wrapper(
             ^^^^^^^^^^^^^^^^^^^^^^^^^^^^
  File "/usr/local/lib/python3.12/site-packages/telegram/request/_baserequest.py", line 375, in _request_wrapper
    raise exception
telegram.error.InvalidToken: Not Found

The above exception was the direct cause of the following exception:

Traceback (most recent call last):
  File "/usr/local/lib/python3.12/site-packages/telegram/ext/_utils/networkloop.py", line 161, in network_retry_loop
    await do_action()
  File "/usr/local/lib/python3.12/site-packages/telegram/ext/_utils/networkloop.py", line 136, in do_action
    await action_cb()
  File "/usr/local/lib/python3.12/site-packages/telegram/ext/_application.py", line 489, in initialize
    await self.bot.initialize()
  File "/usr/local/lib/python3.12/site-packages/telegram/ext/_extbot.py", line 324, in initialize
    await super().initialize()
  File "/usr/local/lib/python3.12/site-packages/telegram/_bot.py", line 868, in initialize
    raise InvalidToken(f"The token `{self._token}` was rejected by the server.") from exc
telegram.error.InvalidToken: The token `test_token` was rejected by the server.
